{
  "params": {
    "layersFoot": 4,
    "layersTip": 2,
    "L": 250,
    "b": 180,
    "E": 32,
    "thickness": 0.35
  },
  "load": 23.876953125,
  "tipAngleDeg": 90.031472459,
  "tipDeflection": 153.570955958,
  "sectionInertia": {
    "foot": 41.16,
    "tip": 5.145
  }
}
